npm warn config ignoring workspace config at C:\MyProperty\UNI\QCanvas\QCanvas\frontend/.npmrc
components/Icons.tsx(987,4): error TS1003: Identifier expected.
components/Icons.tsx(987,31): error TS1382: Unexpected token. Did you mean `{'>'}` or `&gt;`?
